WARNING: KICAD6_SYMBOL_DIR environment variable is missing, so the default KiCad symbol libraries won't be searched. @ [D:\win_workspace\CyberWand_Insta360\schematic\skidl\<frozen importlib._bootstrap_external>:762=>D:\win_workspace\CyberWand_Insta360\schematic\skidl\<frozen importlib._bootstrap>:491]
WARNING: KICAD7_SYMBOL_DIR environment variable is missing, so the default KiCad symbol libraries won't be searched. @ [D:\win_workspace\CyberWand_Insta360\schematic\skidl\<frozen importlib._bootstrap_external>:762=>D:\win_workspace\CyberWand_Insta360\schematic\skidl\<frozen importlib._bootstrap>:491]
WARNING: KICAD8_SYMBOL_DIR environment variable is missing, so the default KiCad symbol libraries won't be searched. @ [D:\win_workspace\CyberWand_Insta360\schematic\skidl\<frozen importlib._bootstrap_external>:762=>D:\win_workspace\CyberWand_Insta360\schematic\skidl\<frozen importlib._bootstrap>:491]
WARNING: KICAD9_SYMBOL_DIR environment variable is missing, so the default KiCad symbol libraries won't be searched. @ [D:\win_workspace\CyberWand_Insta360\schematic\skidl\<frozen importlib._bootstrap_external>:762=>D:\win_workspace\CyberWand_Insta360\schematic\skidl\<frozen importlib._bootstrap>:491]
WARNING: fp-lib-table file was not found. Component footprints are not available.
WARNING: fp-lib-table file was not found. Component footprints are not available.
WARNING: fp-lib-table file was not found. Component footprints are not available.
WARNING: Missing tag on ESP32-S3-WROOM-1 instantiated at D:\win_workspace\CyberWand_Insta360\schematic\skidl\cyberwand_circuit.py:58.
WARNING: Random tag cdA_LidQr8 generated for ESP32-S3-WROOM-1.
WARNING: Missing tag on MPU-6050 instantiated at D:\win_workspace\CyberWand_Insta360\schematic\skidl\cyberwand_circuit.py:59.
WARNING: Random tag ToLkyR1vV_ generated for MPU-6050.
WARNING: Missing tag on HS20S010B_LCD instantiated at D:\win_workspace\CyberWand_Insta360\schematic\skidl\cyberwand_circuit.py:60.
WARNING: Random tag YlcsOrO89J generated for HS20S010B_LCD.
WARNING: Missing tag on MicroSD_Socket instantiated at D:\win_workspace\CyberWand_Insta360\schematic\skidl\cyberwand_circuit.py:61.
WARNING: Random tag YqIvdqh0eo generated for MicroSD_Socket.
WARNING: Missing tag on DFPlayer_Mini instantiated at D:\win_workspace\CyberWand_Insta360\schematic\skidl\cyberwand_circuit.py:62.
WARNING: Random tag zlV6q_9vWn generated for DFPlayer_Mini.
WARNING: Missing tag on INMP441 instantiated at D:\win_workspace\CyberWand_Insta360\schematic\skidl\cyberwand_circuit.py:63.
WARNING: Random tag vJ1CCofZwt generated for INMP441.
WARNING: Missing tag on WS2812B instantiated at D:\win_workspace\CyberWand_Insta360\schematic\skidl\cyberwand_circuit.py:64.
WARNING: Random tag sLf91GGCHK generated for WS2812B.
WARNING: Missing tag on WS2812B instantiated at D:\win_workspace\CyberWand_Insta360\schematic\skidl\cyberwand_circuit.py:65.
WARNING: Random tag GXquy88SL7 generated for WS2812B.
WARNING: Missing tag on WS2812B instantiated at D:\win_workspace\CyberWand_Insta360\schematic\skidl\cyberwand_circuit.py:66.
WARNING: Random tag eecAtNfNT0 generated for WS2812B.
WARNING: Missing tag on USB_C_Receptacle_USB2.0 instantiated at D:\win_workspace\CyberWand_Insta360\schematic\skidl\cyberwand_circuit.py:68.
WARNING: Random tag wAWwDa4Xld generated for USB_C_Receptacle_USB2.0.
WARNING: Missing tag on Battery_Cell instantiated at D:\win_workspace\CyberWand_Insta360\schematic\skidl\cyberwand_circuit.py:69.
WARNING: Random tag OsySxFaVAE generated for Battery_Cell.
WARNING: Missing tag on TP4056 instantiated at D:\win_workspace\CyberWand_Insta360\schematic\skidl\cyberwand_circuit.py:70.
WARNING: Random tag DTMkvJJ3lc generated for TP4056.
WARNING: Missing tag on ME6211A33 instantiated at D:\win_workspace\CyberWand_Insta360\schematic\skidl\cyberwand_circuit.py:71.
WARNING: Random tag fTXMsoS4Lr generated for ME6211A33.
WARNING: Missing tag on USBLC6-2SC6 instantiated at D:\win_workspace\CyberWand_Insta360\schematic\skidl\cyberwand_circuit.py:73.
WARNING: Random tag OuITeefjEN generated for USBLC6-2SC6.
WARNING: Missing tag on PTC_Fuse instantiated at D:\win_workspace\CyberWand_Insta360\schematic\skidl\cyberwand_circuit.py:74.
WARNING: Random tag 6jiXi8fUxw generated for PTC_Fuse.
WARNING: Missing tag on SN74AHCT125 instantiated at D:\win_workspace\CyberWand_Insta360\schematic\skidl\cyberwand_circuit.py:75.
WARNING: Random tag LIapee0zbt generated for SN74AHCT125.
WARNING: Missing tag on SW_SPDT instantiated at D:\win_workspace\CyberWand_Insta360\schematic\skidl\cyberwand_circuit.py:76.
WARNING: Random tag lG4sPHYusD generated for SW_SPDT.
WARNING: Missing tag on SW_Push instantiated at D:\win_workspace\CyberWand_Insta360\schematic\skidl\cyberwand_circuit.py:78.
WARNING: Random tag XDIUOYx_8w generated for SW_Push.
WARNING: Missing tag on SW_Push instantiated at D:\win_workspace\CyberWand_Insta360\schematic\skidl\cyberwand_circuit.py:79.
WARNING: Random tag aW8cDt7T_k generated for SW_Push.
WARNING: Missing tag on SW_Push instantiated at D:\win_workspace\CyberWand_Insta360\schematic\skidl\cyberwand_circuit.py:80.
WARNING: Random tag wvEQT1ZcIF generated for SW_Push.
WARNING: Missing tag on Speaker instantiated at D:\win_workspace\CyberWand_Insta360\schematic\skidl\cyberwand_circuit.py:81.
WARNING: Random tag g5DLloyeXM generated for Speaker.
WARNING: Missing tag on LED instantiated at D:\win_workspace\CyberWand_Insta360\schematic\skidl\cyberwand_circuit.py:82.
WARNING: Random tag KqiJorpEqz generated for LED.
WARNING: Missing tag on LED instantiated at D:\win_workspace\CyberWand_Insta360\schematic\skidl\cyberwand_circuit.py:83.
WARNING: Random tag V_gZDdlCjF generated for LED.
WARNING: Missing tag on R instantiated at D:\win_workspace\CyberWand_Insta360\schematic\skidl\cyberwand_circuit.py:86.
WARNING: Random tag eZKZghaHfo generated for R.
WARNING: Missing tag on R instantiated at D:\win_workspace\CyberWand_Insta360\schematic\skidl\cyberwand_circuit.py:87.
WARNING: Random tag Y8Qi827qKj generated for R.
WARNING: Missing tag on R instantiated at D:\win_workspace\CyberWand_Insta360\schematic\skidl\cyberwand_circuit.py:88.
WARNING: Random tag ZyjrajPpTf generated for R.
WARNING: Missing tag on R instantiated at D:\win_workspace\CyberWand_Insta360\schematic\skidl\cyberwand_circuit.py:89.
WARNING: Random tag pgO153hBws generated for R.
WARNING: Missing tag on R instantiated at D:\win_workspace\CyberWand_Insta360\schematic\skidl\cyberwand_circuit.py:90.
WARNING: Random tag jT549fLL7O generated for R.
WARNING: Missing tag on R instantiated at D:\win_workspace\CyberWand_Insta360\schematic\skidl\cyberwand_circuit.py:91.
WARNING: Random tag PouITeQ3jI generated for R.
WARNING: Missing tag on R instantiated at D:\win_workspace\CyberWand_Insta360\schematic\skidl\cyberwand_circuit.py:92.
WARNING: Random tag m5s2L4CaMq generated for R.
WARNING: Missing tag on R instantiated at D:\win_workspace\CyberWand_Insta360\schematic\skidl\cyberwand_circuit.py:93.
WARNING: Random tag 0DpiuubvP5 generated for R.
WARNING: Missing tag on R instantiated at D:\win_workspace\CyberWand_Insta360\schematic\skidl\cyberwand_circuit.py:94.
WARNING: Random tag YjmRPEXkJo generated for R.
WARNING: Missing tag on R instantiated at D:\win_workspace\CyberWand_Insta360\schematic\skidl\cyberwand_circuit.py:95.
WARNING: Random tag uIHvWAJ6Qo generated for R.
WARNING: Missing tag on R instantiated at D:\win_workspace\CyberWand_Insta360\schematic\skidl\cyberwand_circuit.py:96.
WARNING: Random tag S7dEaatGe5 generated for R.
WARNING: Missing tag on R instantiated at D:\win_workspace\CyberWand_Insta360\schematic\skidl\cyberwand_circuit.py:97.
WARNING: Random tag QgM0R71eXi generated for R.
WARNING: Missing tag on R instantiated at D:\win_workspace\CyberWand_Insta360\schematic\skidl\cyberwand_circuit.py:98.
WARNING: Random tag FJ8Agqok92 generated for R.
WARNING: Missing tag on R instantiated at D:\win_workspace\CyberWand_Insta360\schematic\skidl\cyberwand_circuit.py:99.
WARNING: Random tag BZauMMpMPs generated for R.
WARNING: Missing tag on R instantiated at D:\win_workspace\CyberWand_Insta360\schematic\skidl\cyberwand_circuit.py:100.
WARNING: Random tag F3uicGYlsL generated for R.
WARNING: Missing tag on R instantiated at D:\win_workspace\CyberWand_Insta360\schematic\skidl\cyberwand_circuit.py:101.
WARNING: Random tag femhJkutGe generated for R.
WARNING: Missing tag on R instantiated at D:\win_workspace\CyberWand_Insta360\schematic\skidl\cyberwand_circuit.py:102.
WARNING: Random tag aXd6etn0FJ generated for R.
WARNING: Missing tag on R instantiated at D:\win_workspace\CyberWand_Insta360\schematic\skidl\cyberwand_circuit.py:103.
WARNING: Random tag DRUqO8r3Hc generated for R.
WARNING: Missing tag on R instantiated at D:\win_workspace\CyberWand_Insta360\schematic\skidl\cyberwand_circuit.py:104.
WARNING: Random tag RAIRfEechG generated for R.
WARNING: Missing tag on R instantiated at D:\win_workspace\CyberWand_Insta360\schematic\skidl\cyberwand_circuit.py:105.
WARNING: Random tag f1uvcVkZPx generated for R.
WARNING: Missing tag on C instantiated at D:\win_workspace\CyberWand_Insta360\schematic\skidl\cyberwand_circuit.py:108.
WARNING: Random tag fSO5z0QuFA generated for C.
WARNING: Missing tag on C instantiated at D:\win_workspace\CyberWand_Insta360\schematic\skidl\cyberwand_circuit.py:109.
WARNING: Random tag Xdfdb3aBvp generated for C.
WARNING: Missing tag on C instantiated at D:\win_workspace\CyberWand_Insta360\schematic\skidl\cyberwand_circuit.py:110.
WARNING: Random tag arpN4hyPzm generated for C.
WARNING: Missing tag on C instantiated at D:\win_workspace\CyberWand_Insta360\schematic\skidl\cyberwand_circuit.py:111.
WARNING: Random tag fwiWWVr9E_ generated for C.
WARNING: Missing tag on C instantiated at D:\win_workspace\CyberWand_Insta360\schematic\skidl\cyberwand_circuit.py:112.
WARNING: Random tag 3_3ECVnP2_ generated for C.
WARNING: Missing tag on C instantiated at D:\win_workspace\CyberWand_Insta360\schematic\skidl\cyberwand_circuit.py:113.
WARNING: Random tag WX92Zuwza2 generated for C.
WARNING: Missing tag on C instantiated at D:\win_workspace\CyberWand_Insta360\schematic\skidl\cyberwand_circuit.py:114.
WARNING: Random tag ZKVBo79OSI generated for C.
WARNING: Missing tag on C instantiated at D:\win_workspace\CyberWand_Insta360\schematic\skidl\cyberwand_circuit.py:115.
WARNING: Random tag ziNueSOH3m generated for C.
WARNING: Missing tag on C instantiated at D:\win_workspace\CyberWand_Insta360\schematic\skidl\cyberwand_circuit.py:116.
WARNING: Random tag XysXEwYbdn generated for C.
WARNING: Missing tag on C instantiated at D:\win_workspace\CyberWand_Insta360\schematic\skidl\cyberwand_circuit.py:117.
WARNING: Random tag f7cba3ShM0 generated for C.
WARNING: Missing tag on C instantiated at D:\win_workspace\CyberWand_Insta360\schematic\skidl\cyberwand_circuit.py:118.
WARNING: Random tag 2uPkX1w1nt generated for C.
WARNING: Missing tag on C instantiated at D:\win_workspace\CyberWand_Insta360\schematic\skidl\cyberwand_circuit.py:119.
WARNING: Random tag vXtH8qLMSd generated for C.
WARNING: Missing tag on C instantiated at D:\win_workspace\CyberWand_Insta360\schematic\skidl\cyberwand_circuit.py:120.
WARNING: Random tag Da3RdXubST generated for C.
WARNING: Missing tag on C instantiated at D:\win_workspace\CyberWand_Insta360\schematic\skidl\cyberwand_circuit.py:121.
WARNING: Random tag 0EzLVA2kOT generated for C.
WARNING: Missing tag on C instantiated at D:\win_workspace\CyberWand_Insta360\schematic\skidl\cyberwand_circuit.py:122.
WARNING: Random tag O5LLPdspEm generated for C.
WARNING: Missing tag on C instantiated at D:\win_workspace\CyberWand_Insta360\schematic\skidl\cyberwand_circuit.py:123.
WARNING: Random tag jbcMkxZpxx generated for C.
WARNING: Missing tag on C instantiated at D:\win_workspace\CyberWand_Insta360\schematic\skidl\cyberwand_circuit.py:124.
WARNING: Random tag Fsz5yLbImR generated for C.
WARNING: Missing tag on C instantiated at D:\win_workspace\CyberWand_Insta360\schematic\skidl\cyberwand_circuit.py:125.
WARNING: Random tag HPdFr8hM7z generated for C.
WARNING: Missing tag on C instantiated at D:\win_workspace\CyberWand_Insta360\schematic\skidl\cyberwand_circuit.py:126.
WARNING: Random tag 0iNgPEldFF generated for C.
WARNING: Missing tag on C instantiated at D:\win_workspace\CyberWand_Insta360\schematic\skidl\cyberwand_circuit.py:127.
WARNING: Random tag Dt4hxDbchu generated for C.
WARNING: Missing tag on C instantiated at D:\win_workspace\CyberWand_Insta360\schematic\skidl\cyberwand_circuit.py:128.
WARNING: Random tag RlwDQ7IL42 generated for C.
WARNING: Missing tag on C instantiated at D:\win_workspace\CyberWand_Insta360\schematic\skidl\cyberwand_circuit.py:129.
WARNING: Random tag mVQR1vTeQr generated for C.
WARNING: Missing tag on C instantiated at D:\win_workspace\CyberWand_Insta360\schematic\skidl\cyberwand_circuit.py:130.
WARNING: Random tag 582sYYo7E9 generated for C.
WARNING: Missing tag on C instantiated at D:\win_workspace\CyberWand_Insta360\schematic\skidl\cyberwand_circuit.py:131.
WARNING: Random tag NQxwZX4nPf generated for C.
WARNING: Missing tag on  instantiated at D:\win_workspace\CyberWand_Insta360\schematic\skidl\<frozen importlib._bootstrap>:491.
INFO: 138 warnings found while generating netlist.
INFO: 0 errors found while generating netlist.

